Welcome to Coq 8.3pl5 (August 2022)

Coq <
Coq < _become is assumed

Coq < _greatest is assumed

Coq < _italian is assumed

Coq < _tenor is assumed

Coq < _world is assumed

Coq < Toplevel input, characters 199-201:
> Theorem t1: (exists x, (and (and (_italian x) True) (exists z2, (and (and (and (and (exists z1, (and (and (_world z1) True) (Rel z2 z1))) (_greatest z2)) (_tenor z2)) True) (x = z2))))) -> (exists x z4, (and (and (and (_italian z4) (exists z2, (and (and (and (and (exists z1, (and (and (_world z1) True) (Rel z2 z1))) (_greatest z2)) (_tenor z2)) True) (_become z4 z2)))) True) (x = z4))).
>                                                                                                                                                                                                        ^^
Syntax error: ':' or ',' expected after [Prim.name] (in [constr:binder_constr]).


Error: Unknown command of the non proof-editing mode.


Error: Unknown command of the non proof-editing mode.

Error: No focused proof (No proof-editing in progress).

Coq <

Theorem is not defined
Welcome to Coq 8.3pl5 (August 2022)

Coq <
Coq < _become is assumed

Coq < _greatest is assumed

Coq < _italian is assumed

Coq < _tenor is assumed

Coq < _world is assumed

Coq < Toplevel input, characters 204-206:
> Theorem t1: (exists x, (and (and (_italian x) True) (exists z2, (and (and (and (and (exists z1, (and (and (_world z1) True) (Rel z2 z1))) (_greatest z2)) (_tenor z2)) True) (x = z2))))) -> (not (exists x z4, (and (and (and (_italian z4) (exists z2, (and (and (and (and (exists z1, (and (and (_world z1) True) (Rel z2 z1))) (_greatest z2)) (_tenor z2)) True) (_become z4 z2)))) True) (x = z4)))).
>                                                                                                                                                                                                             ^^
Syntax error: ':' or ',' expected after [Prim.name] (in [constr:binder_constr]).


Error: Unknown command of the non proof-editing mode.


Error: Unknown command of the non proof-editing mode.

Error: No focused proof (No proof-editing in progress).

Coq <

Theorem is not defined
Welcome to Coq 8.3pl5 (August 2022)

Coq <
Coq < _become is assumed

Coq < _greatest is assumed

Coq < _italian is assumed

Coq < _tenor is assumed

Coq < _world is assumed

Coq < Toplevel input, characters 199-201:
> Theorem t1: (exists x, (and (and (_italian x) True) (exists z2, (and (and (and (and (exists z1, (and (and (_world z1) True) (Rel z2 z1))) (_greatest z2)) (_tenor z2)) True) (x = z2))))) -> (exists x z4, (and (and (and (_italian z4) (exists z2, (and (and (and (and (exists z1, (and (and (_world z1) True) (Rel z2 z1))) (_greatest z2)) (_tenor z2)) True) (_become z4 z2)))) True) (x = z4))).
>                                                                                                                                                                                                        ^^
Syntax error: ':' or ',' expected after [Prim.name] (in [constr:binder_constr]).

Error: Unknown command of the non proof-editing mode.

Error: Unknown command of the non proof-editing mode.

Error: No focused proof (No proof-editing in progress).

Coq <

Theorem is not defined
Welcome to Coq 8.3pl5 (August 2022)

Coq <
Coq < _become is assumed

Coq < _greatest is assumed

Coq < _italian is assumed

Coq < _tenor is assumed

Coq < _world is assumed

Coq < Toplevel input, characters 204-206:
> Theorem t1: (exists x, (and (and (_italian x) True) (exists z2, (and (and (and (and (exists z1, (and (and (_world z1) True) (Rel z2 z1))) (_greatest z2)) (_tenor z2)) True) (x = z2))))) -> (not (exists x z4, (and (and (and (_italian z4) (exists z2, (and (and (and (and (exists z1, (and (and (_world z1) True) (Rel z2 z1))) (_greatest z2)) (_tenor z2)) True) (_become z4 z2)))) True) (x = z4)))).
>                                                                                                                                                                                                             ^^
Syntax error: ':' or ',' expected after [Prim.name] (in [constr:binder_constr]).

Error: Unknown command of the non proof-editing mode.

Error: Unknown command of the non proof-editing mode.

Error: No focused proof (No proof-editing in progress).

Coq <

Theorem is not defined
unknown


Original Input File:
An Italian is the world's greatest tenor.
There is an Italian who became the world's greatest tenor.

